Using pre-set license
Built from '6000.0/staging' branch; Version is '6000.0.36f1 (9fe3b5f71dbb) revision 10478517'; Using compiler version '193933523'; Build Type 'Release'
OS: 'Windows 10  (10.0.19045) 64bit Professional' Language: 'ru' Physical Memory: 16265 MB
BatchMode: 1, IsHumanControllingUs: 0, StartBugReporterOnCrash: 0, Is64bit: 1, IsPro: 1

COMMAND LINE ARGUMENTS:
Z:\UNITY\Editor\6000.0.36f1\Editor\Unity.exe
-adb2
-batchMode
-noUpm
-name
AssetImportWorker8
-projectPath
Z:/UNITY/Projects/VR-RACING-2025/VR Racing 2025
-logFile
Logs/AssetImportWorker8.log
-srvPort
49753
-job-worker-count
5
-background-job-worker-count
8
-gc-helper-count
1
Successfully changed project path to: Z:/UNITY/Projects/VR-RACING-2025/VR Racing 2025
Z:/UNITY/Projects/VR-RACING-2025/VR Racing 2025
[UnityMemory] Configuration Parameters - Can be set up in boot.config
    "memorysetup-bucket-allocator-granularity=16"
    "memorysetup-bucket-allocator-bucket-count=8"
    "memorysetup-bucket-allocator-block-size=33554432"
    "memorysetup-bucket-allocator-block-count=8"
    "memorysetup-main-allocator-block-size=16777216"
    "memorysetup-thread-allocator-block-size=16777216"
    "memorysetup-gfx-main-allocator-block-size=16777216"
    "memorysetup-gfx-thread-allocator-block-size=16777216"
    "memorysetup-cache-allocator-block-size=4194304"
    "memorysetup-typetree-allocator-block-size=2097152"
    "memorysetup-profiler-bucket-allocator-granularity=16"
    "memorysetup-profiler-bucket-allocator-bucket-count=8"
    "memorysetup-profiler-bucket-allocator-block-size=33554432"
    "memorysetup-profiler-bucket-allocator-block-count=8"
    "memorysetup-profiler-allocator-block-size=16777216"
    "memorysetup-profiler-editor-allocator-block-size=1048576"
    "memorysetup-temp-allocator-size-main=16777216"
    "memorysetup-job-temp-allocator-block-size=2097152"
    "memorysetup-job-temp-allocator-block-size-background=1048576"
    "memorysetup-job-temp-allocator-reduction-small-platforms=262144"
    "memorysetup-allocator-temp-initial-block-size-main=262144"
    "memorysetup-allocator-temp-initial-block-size-worker=262144"
    "memorysetup-temp-allocator-size-background-worker=32768"
    "memorysetup-temp-allocator-size-job-worker=262144"
    "memorysetup-temp-allocator-size-preload-manager=33554432"
    "memorysetup-temp-allocator-size-nav-mesh-worker=65536"
    "memorysetup-temp-allocator-size-audio-worker=65536"
    "memorysetup-temp-allocator-size-cloud-worker=32768"
    "memorysetup-temp-allocator-size-gi-baking-worker=262144"
    "memorysetup-temp-allocator-size-gi-baking-worker=262144"
    "memorysetup-temp-allocator-size-gi-baking-worker=262144"
    "memorysetup-temp-allocator-size-gi-baking-worker=262144"
    "memorysetup-temp-allocator-size-gi-baking-worker=262144"
    "memorysetup-temp-allocator-size-gfx=262144"
Player connection [21064]  Target information:

Player connection [21064]  * "[IP] 192.168.178.53 [Port] 0 [Flags] 2 [Guid] 116138612 [EditorId] 116138612 [Version] 1048832 [Id] WindowsEditor(7,DESKTOP-VKT7RGT) [Debug] 1 [PackageName] WindowsEditor [ProjectName] Editor" 

Player connection [21064] Host joined multi-casting on [225.0.0.222:54997]...
Player connection [21064] Host joined alternative multi-casting on [225.0.0.222:34997]...
JobSystem: Creating JobQueue using job-worker-count value 5
Input System module state changed to: Initialized.
[Physics::Module] Initialized fallback backend.
[Physics::Module] Id: 0xdecafbad
Library Redirect Path: Library/
[Physics::Module] Selected backend.
[Physics::Module] Name: PhysX
[Physics::Module] Id: 0xf2b8ea05
[Physics::Module] SDK Version: 4.1.2
[Physics::Module] Integration Version: 1.0.0
[Physics::Module] Threading Mode: Multi-Threaded
Refreshing native plugins compatible for Editor in 13.39 ms, found 12 plugins.
Preloading 0 native plugins for Editor in 0.00 ms.
Initialize engine version: 6000.0.36f1 (9fe3b5f71dbb)
[Subsystems] Discovering subsystems at path Z:/UNITY/Editor/6000.0.36f1/Editor/Data/Resources/UnitySubsystems
[Subsystems] Discovering subsystems at path Z:/UNITY/Projects/VR-RACING-2025/VR Racing 2025/Assets
GfxDevice: creating device client; kGfxThreadingModeNonThreaded
Direct3D:
    Version:  Direct3D 11.0 [level 11.1]
    Renderer: NVIDIA GeForce RTX 3070 (ID=0x2488)
    Vendor:   NVIDIA
    VRAM:     8018 MB
    Driver:   32.0.15.7700
Initialize mono
Mono path[0] = 'Z:/UNITY/Editor/6000.0.36f1/Editor/Data/Managed'
Mono path[1] = 'Z:/UNITY/Editor/6000.0.36f1/Editor/Data/MonoBleedingEdge/lib/mono/unityjit-win32'
Mono config path = 'Z:/UNITY/Editor/6000.0.36f1/Editor/Data/MonoBleedingEdge/etc'
Using monoOptions --debugger-agent=transport=dt_socket,embedding=1,server=y,suspend=n,address=127.0.0.1:56624
Begin MonoManager ReloadAssembly
Registering precompiled unity dll's ...
Register platform support module: Z:/UNITY/Editor/6000.0.36f1/Editor/Data/PlaybackEngines/WindowsStandaloneSupport/UnityEditor.WindowsStandalone.Extensions.dll
Register platform support module: Z:/UNITY/Editor/6000.0.36f1/Editor/Data/PlaybackEngines/MetroSupport/UnityEditor.UWP.Extensions.dll
Register platform support module: Z:/UNITY/Editor/6000.0.36f1/Editor/Data/PlaybackEngines/AndroidPlayer/UnityEditor.Android.Extensions.dll
Registered in 0.004251 seconds.
- Loaded All Assemblies, in  0.421 seconds
Native extension for Android target not found
Android Extension - Scanning For ADB Devices 256 ms
Native extension for UWP target not found
Native extension for WindowsStandalone target not found
Mono: successfully reloaded assembly
- Finished resetting the current domain, in  0.609 seconds
Domain Reload Profiling: 1030ms
	BeginReloadAssembly (147ms)
		ExecutionOrderSort (0ms)
		DisableScriptedObjects (0ms)
		BackupInstance (0ms)
		ReleaseScriptingObjects (0ms)
		CreateAndSetChildDomain (1ms)
	RebuildCommonClasses (35ms)
	RebuildNativeTypeToScriptingClass (11ms)
	initialDomainReloadingComplete (48ms)
	LoadAllAssembliesAndSetupDomain (180ms)
		LoadAssemblies (147ms)
		RebuildTransferFunctionScriptingTraits (0ms)
		AnalyzeDomain (175ms)
			TypeCache.Refresh (174ms)
				TypeCache.ScanAssembly (160ms)
			BuildScriptInfoCaches (0ms)
			ResolveRequiredComponents (0ms)
	FinalizeReload (610ms)
		ReleaseScriptCaches (0ms)
		RebuildScriptCaches (0ms)
		SetupLoadedEditorAssemblies (559ms)
			LogAssemblyErrors (0ms)
			InitializePlatformSupportModulesInManaged (342ms)
			SetLoadedEditorAssemblies (4ms)
			BeforeProcessingInitializeOnLoad (47ms)
			ProcessInitializeOnLoadAttributes (112ms)
			ProcessInitializeOnLoadMethodAttributes (55ms)
			AfterProcessingInitializeOnLoad (0ms)
			EditorAssembliesLoaded (0ms)
		ExecutionOrderSort2 (0ms)
		AwakeInstancesAfterBackupRestoration (0ms)
========================================================================
Worker process is ready to serve import requests
Import Worker Mode flag is 0x00
Begin MonoManager ReloadAssembly
- Loaded All Assemblies, in  0.829 seconds
Refreshing native plugins compatible for Editor in 9.30 ms, found 12 plugins.
Native extension for Android target not found
Native extension for UWP target not found
Native extension for WindowsStandalone target not found
Package Manager log level set to [2]
[Package Manager] Failed to launch server process. Reason: Unity was launched with the -noUpm command-line argument
[Package Manager] Unable to send message (not connected to server process).
[Package Manager] Cannot connect to Unity Package Manager local server
Mono: successfully reloaded assembly
[Package Manager] Failed to launch server process. Reason: Unity was launched with the -noUpm command-line argument
[Package Manager] Unable to send message (not connected to server process).
[Package Manager] Cannot connect to Unity Package Manager local server
[Package Manager] Failed to launch server process. Reason: Unity was launched with the -noUpm command-line argument
[Package Manager] Unable to send message (not connected to server process).
[Package Manager] Cannot connect to Unity Package Manager local server
- Finished resetting the current domain, in  0.936 seconds
Domain Reload Profiling: 1765ms
	BeginReloadAssembly (195ms)
		ExecutionOrderSort (0ms)
		DisableScriptedObjects (6ms)
		BackupInstance (0ms)
		ReleaseScriptingObjects (0ms)
		CreateAndSetChildDomain (37ms)
	RebuildCommonClasses (39ms)
	RebuildNativeTypeToScriptingClass (10ms)
	initialDomainReloadingComplete (36ms)
	LoadAllAssembliesAndSetupDomain (548ms)
		LoadAssemblies (381ms)
		RebuildTransferFunctionScriptingTraits (0ms)
		AnalyzeDomain (290ms)
			TypeCache.Refresh (207ms)
				TypeCache.ScanAssembly (191ms)
			BuildScriptInfoCaches (64ms)
			ResolveRequiredComponents (15ms)
	FinalizeReload (937ms)
		ReleaseScriptCaches (0ms)
		RebuildScriptCaches (0ms)
		SetupLoadedEditorAssemblies (744ms)
			LogAssemblyErrors (0ms)
			InitializePlatformSupportModulesInManaged (12ms)
			SetLoadedEditorAssemblies (5ms)
			BeforeProcessingInitializeOnLoad (114ms)
			ProcessInitializeOnLoadAttributes (459ms)
			ProcessInitializeOnLoadMethodAttributes (152ms)
			AfterProcessingInitializeOnLoad (2ms)
			EditorAssembliesLoaded (0ms)
		ExecutionOrderSort2 (0ms)
		AwakeInstancesAfterBackupRestoration (5ms)
Launched and connected shader compiler UnityShaderCompiler.exe after 0.01 seconds
Refreshing native plugins compatible for Editor in 14.09 ms, found 12 plugins.
Preloading 0 native plugins for Editor in 0.00 ms.
Unloading 257 Unused Serialized files (Serialized files now loaded: 0)
Unloading 7318 unused Assets / (9.6 MB). Loaded Objects now: 8022.
Memory consumption went from 190.6 MB to 181.0 MB.
Total: 18.200600 ms (FindLiveObjects: 1.506200 ms CreateObjectMapping: 1.925700 ms MarkObjects: 8.509200 ms  DeleteObjects: 6.257600 ms)

========================================================================
Received Import Request.
  Time since last request: 1297489.186553 seconds.
  path: Assets/Next_Spring/Tree_Bundle/Prefabs/White_Birch/Mobile/M_Realistic21_12.prefab
  artifactKey: Guid(08a644d488902a94d9f0244d6f0cf6ba) Importer(815301076,1909f56bfc062723c751e8b465ee728b)
Start importing Assets/Next_Spring/Tree_Bundle/Prefabs/White_Birch/Mobile/M_Realistic21_12.prefab using Guid(08a644d488902a94d9f0244d6f0cf6ba) Importer(815301076,1909f56bfc062723c751e8b465ee728b) (PreviewImporter) -> (artifact id: 'e8745be28a12db44adc932caadaf5276') in 2.3900753 seconds
Number of updated asset objects reloaded before import = 0Number of asset objects unloaded after import = 15

========================================================================
Received Import Request.
  Time since last request: 98.761079 seconds.
  path: Assets/Next_Spring/Tree_Bundle/Models/White_Birch/Mobile/M_Realistic21_2.fbx
  artifactKey: Guid(ee791c6a8496cf943b458cd4392dcc2c) Importer(815301076,1909f56bfc062723c751e8b465ee728b)
Start importing Assets/Next_Spring/Tree_Bundle/Models/White_Birch/Mobile/M_Realistic21_2.fbx using Guid(ee791c6a8496cf943b458cd4392dcc2c) Importer(815301076,1909f56bfc062723c751e8b465ee728b) (PreviewImporter) -> (artifact id: '7c751e6f81f00697810e30cbfd559928') in 0.0661218 seconds
Number of updated asset objects reloaded before import = 0Number of asset objects unloaded after import = 13

========================================================================
Received Import Request.
  Time since last request: 0.000022 seconds.
  path: Assets/Next_Spring/Tree_Bundle/Models/White_Birch/Mobile/M_Realistic21_4.fbx
  artifactKey: Guid(2a338c5229112dd45ad7ae3b91039d83) Importer(815301076,1909f56bfc062723c751e8b465ee728b)
Start importing Assets/Next_Spring/Tree_Bundle/Models/White_Birch/Mobile/M_Realistic21_4.fbx using Guid(2a338c5229112dd45ad7ae3b91039d83) Importer(815301076,1909f56bfc062723c751e8b465ee728b) (PreviewImporter) -> (artifact id: '7c150a317bf86325ec4ab47d79d55b9c') in 0.0314994 seconds
Number of updated asset objects reloaded before import = 0Number of asset objects unloaded after import = 13

========================================================================
Received Import Request.
  Time since last request: 1.079592 seconds.
  path: Assets/Next_Spring/Tree_Bundle/Models/White_Birch/Mobile/M_Realistic21_6.fbx
  artifactKey: Guid(59dcda66290d7494ca3fd8e0fadfdd83) Importer(815301076,1909f56bfc062723c751e8b465ee728b)
Start importing Assets/Next_Spring/Tree_Bundle/Models/White_Birch/Mobile/M_Realistic21_6.fbx using Guid(59dcda66290d7494ca3fd8e0fadfdd83) Importer(815301076,1909f56bfc062723c751e8b465ee728b) (PreviewImporter) -> (artifact id: 'e6398d6cadd7c724b20773919856b9f9') in 0.0279372 seconds
Number of updated asset objects reloaded before import = 0Number of asset objects unloaded after import = 13

========================================================================
Received Import Request.
  Time since last request: 0.000023 seconds.
  path: Assets/Next_Spring/Tree_Bundle/Models/White_Birch/Mobile/M_Realistic21_7.fbx
  artifactKey: Guid(a401c3a3db0294944a7bc20cae99efab) Importer(815301076,1909f56bfc062723c751e8b465ee728b)
Start importing Assets/Next_Spring/Tree_Bundle/Models/White_Birch/Mobile/M_Realistic21_7.fbx using Guid(a401c3a3db0294944a7bc20cae99efab) Importer(815301076,1909f56bfc062723c751e8b465ee728b) (PreviewImporter) -> (artifact id: '30034254acea58dffcccce4ad9ea1340') in 0.0278056 seconds
Number of updated asset objects reloaded before import = 0Number of asset objects unloaded after import = 13

========================================================================
Received Import Request.
  Time since last request: 0.412152 seconds.
  path: Assets/Next_Spring/Tree_Bundle/Models/White_Birch/Mobile/M_Realistic21_10.fbx
  artifactKey: Guid(984c9bc163eafec459f916af4da01d95) Importer(815301076,1909f56bfc062723c751e8b465ee728b)
Start importing Assets/Next_Spring/Tree_Bundle/Models/White_Birch/Mobile/M_Realistic21_10.fbx using Guid(984c9bc163eafec459f916af4da01d95) Importer(815301076,1909f56bfc062723c751e8b465ee728b) (PreviewImporter) -> (artifact id: '9a35c78c7ab9e56d2941a49677596dde') in 0.0287563 seconds
Number of updated asset objects reloaded before import = 0Number of asset objects unloaded after import = 13

========================================================================
Received Import Request.
  Time since last request: 0.000020 seconds.
  path: Assets/Next_Spring/Tree_Bundle/Models/White_Birch/Mobile/M_Realistic21_11.fbx
  artifactKey: Guid(fd605b860ff1e7f4199762122f7f0638) Importer(815301076,1909f56bfc062723c751e8b465ee728b)
Start importing Assets/Next_Spring/Tree_Bundle/Models/White_Birch/Mobile/M_Realistic21_11.fbx using Guid(fd605b860ff1e7f4199762122f7f0638) Importer(815301076,1909f56bfc062723c751e8b465ee728b) (PreviewImporter) -> (artifact id: '7913dae2e0455316438ad200c6a24d4e') in 0.0288525 seconds
Number of updated asset objects reloaded before import = 0Number of asset objects unloaded after import = 13

========================================================================
Received Import Request.
  Time since last request: 4.115297 seconds.
  path: Assets/Next_Spring/Tree_Bundle/Models/White_Birch/Mobile/M_Realistic21_14.fbx
  artifactKey: Guid(64e6602246dfcc4459ef1164e7fc9626) Importer(815301076,1909f56bfc062723c751e8b465ee728b)
Start importing Assets/Next_Spring/Tree_Bundle/Models/White_Birch/Mobile/M_Realistic21_14.fbx using Guid(64e6602246dfcc4459ef1164e7fc9626) Importer(815301076,1909f56bfc062723c751e8b465ee728b) (PreviewImporter) -> (artifact id: 'ce349f5da9a90c8e2003c16a0f7e87ed') in 0.0291362 seconds
Number of updated asset objects reloaded before import = 0Number of asset objects unloaded after import = 13

========================================================================
Received Import Request.
  Time since last request: 0.000019 seconds.
  path: Assets/Next_Spring/Tree_Bundle/Models/White_Birch/Mobile/M_Realistic21_16.fbx
  artifactKey: Guid(9829bf7078175ac43a91653cc370cfe8) Importer(815301076,1909f56bfc062723c751e8b465ee728b)
Start importing Assets/Next_Spring/Tree_Bundle/Models/White_Birch/Mobile/M_Realistic21_16.fbx using Guid(9829bf7078175ac43a91653cc370cfe8) Importer(815301076,1909f56bfc062723c751e8b465ee728b) (PreviewImporter) -> (artifact id: '9f346eab1368eef23595c6f181048b48') in 0.0281164 seconds
Number of updated asset objects reloaded before import = 0Number of asset objects unloaded after import = 13

========================================================================
Received Import Request.
  Time since last request: 88.645131 seconds.
  path: Assets/Next_Spring/Tree_Bundle/Textures/Global/Floor.mat
  artifactKey: Guid(fd58ce4d6860b74458fa1d549112163b) Importer(815301076,1909f56bfc062723c751e8b465ee728b)
Start importing Assets/Next_Spring/Tree_Bundle/Textures/Global/Floor.mat using Guid(fd58ce4d6860b74458fa1d549112163b) Importer(815301076,1909f56bfc062723c751e8b465ee728b) (PreviewImporter) -> (artifact id: '8805f586a4320ea644aa48944a4f2e8c') in 0.0515482 seconds
Number of updated asset objects reloaded before import = 0Number of asset objects unloaded after import = 1

========================================================================
Received Import Request.
  Time since last request: 0.000025 seconds.
  path: Assets/Next_Spring/Tree_Bundle/Textures/Global/IBL_Sky.mat
  artifactKey: Guid(fd0902a8d8773a14ebdba10fe2bac7e4) Importer(815301076,1909f56bfc062723c751e8b465ee728b)
Start importing Assets/Next_Spring/Tree_Bundle/Textures/Global/IBL_Sky.mat using Guid(fd0902a8d8773a14ebdba10fe2bac7e4) Importer(815301076,1909f56bfc062723c751e8b465ee728b) (PreviewImporter) -> (artifact id: '25f89f933e03cace8be39158ca7bcde4') in 0.0661865 seconds
Number of updated asset objects reloaded before import = 0Number of asset objects unloaded after import = 2

========================================================================
Received Import Request.
  Time since last request: 2.540005 seconds.
  path: Assets/Next_Spring/Tree_Bundle/Textures/White_Birch/Trunk/Realistic21_Trunk_normal.png
  artifactKey: Guid(708c7f67d625d4540addc7361593128a) Importer(815301076,1909f56bfc062723c751e8b465ee728b)
Start importing Assets/Next_Spring/Tree_Bundle/Textures/White_Birch/Trunk/Realistic21_Trunk_normal.png using Guid(708c7f67d625d4540addc7361593128a) Importer(815301076,1909f56bfc062723c751e8b465ee728b) (PreviewImporter) -> (artifact id: 'd7886cd51eaf2047731388d8fe10ea72') in 0.0256661 seconds
Number of updated asset objects reloaded before import = 0Number of asset objects unloaded after import = 2

========================================================================
Received Import Request.
  Time since last request: 2.641663 seconds.
  path: Assets/Next_Spring/Tree_Bundle/Textures/White_Birch/Leaf/Realistic21_Leaf_normal.png
  artifactKey: Guid(6341195625e4a3d44b4f07c034ff98f4) Importer(815301076,1909f56bfc062723c751e8b465ee728b)
Start importing Assets/Next_Spring/Tree_Bundle/Textures/White_Birch/Leaf/Realistic21_Leaf_normal.png using Guid(6341195625e4a3d44b4f07c034ff98f4) Importer(815301076,1909f56bfc062723c751e8b465ee728b) (PreviewImporter) -> (artifact id: 'a2ba34d40cae6abf900b2524f2c2507c') in 0.0177086 seconds
Number of updated asset objects reloaded before import = 0Number of asset objects unloaded after import = 2

========================================================================
Received Import Request.
  Time since last request: 25.188052 seconds.
  path: Assets/Samples/XR Interaction Toolkit/3.0.8/Starter Assets/TunnelingVignette/TunnelingVignette.mat
  artifactKey: Guid(0a35b7e20f75a8540a2c14b9555078cb) Importer(815301076,1909f56bfc062723c751e8b465ee728b)
Start importing Assets/Samples/XR Interaction Toolkit/3.0.8/Starter Assets/TunnelingVignette/TunnelingVignette.mat using Guid(0a35b7e20f75a8540a2c14b9555078cb) Importer(815301076,1909f56bfc062723c751e8b465ee728b) (PreviewImporter) -> (artifact id: 'ee5a128cb328ff2a5517b21bb50f2cc8') in 0.0159371 seconds
Number of updated asset objects reloaded before import = 0Number of asset objects unloaded after import = 1

========================================================================
Received Import Request.
  Time since last request: 0.000027 seconds.
  path: Assets/Samples/XR Interaction Toolkit/3.0.8/Starter Assets/Shaders/Unlit_Fresnel.shadergraph
  artifactKey: Guid(e19b5bb6cb8e91e43b1b5d81a069296f) Importer(815301076,1909f56bfc062723c751e8b465ee728b)
Start importing Assets/Samples/XR Interaction Toolkit/3.0.8/Starter Assets/Shaders/Unlit_Fresnel.shadergraph using Guid(e19b5bb6cb8e91e43b1b5d81a069296f) Importer(815301076,1909f56bfc062723c751e8b465ee728b) (PreviewImporter) -> (artifact id: '4ade746a29da9286355c6dcbd3a7f439') in 0.0978834 seconds
Number of updated asset objects reloaded before import = 0Number of asset objects unloaded after import = 5

========================================================================
Received Import Request.
  Time since last request: 0.381931 seconds.
  path: Assets/Tom's Terrain Tools/Unity Terrain Assets/Trees Ambient-Occlusion/Materials/SycamoreLeaves6.mat
  artifactKey: Guid(a040da88d0c156644935e82c9c0a3c39) Importer(815301076,1909f56bfc062723c751e8b465ee728b)
Start importing Assets/Tom's Terrain Tools/Unity Terrain Assets/Trees Ambient-Occlusion/Materials/SycamoreLeaves6.mat using Guid(a040da88d0c156644935e82c9c0a3c39) Importer(815301076,1909f56bfc062723c751e8b465ee728b) (PreviewImporter) -> (artifact id: 'f304613cec9c6d395adbdbd3c7ad8b69') in 0.0163964 seconds
Number of updated asset objects reloaded before import = 0Number of asset objects unloaded after import = 2

========================================================================
Received Import Request.
  Time since last request: 0.000027 seconds.
  path: Assets/Tom's Terrain Tools/Unity Terrain Assets/Rocks/Materials/rockmesh-rockmat.mat
  artifactKey: Guid(8af33a4120ac4486ba927ecb5d9bb635) Importer(815301076,1909f56bfc062723c751e8b465ee728b)
Start importing Assets/Tom's Terrain Tools/Unity Terrain Assets/Rocks/Materials/rockmesh-rockmat.mat using Guid(8af33a4120ac4486ba927ecb5d9bb635) Importer(815301076,1909f56bfc062723c751e8b465ee728b) (PreviewImporter) -> (artifact id: '055c8c22f7ba98ac7fa85822212a7a85') in 0.0086366 seconds
Number of updated asset objects reloaded before import = 0Number of asset objects unloaded after import = 2

========================================================================
Received Import Request.
  Time since last request: 0.000031 seconds.
  path: Assets/Samples/XR Interaction Toolkit/3.0.8/Starter Assets/DemoSceneAssets/Models/PushButton.fbx
  artifactKey: Guid(7ab6f3b0fd1a6ba41b2a47766c16613f) Importer(815301076,1909f56bfc062723c751e8b465ee728b)
Start importing Assets/Samples/XR Interaction Toolkit/3.0.8/Starter Assets/DemoSceneAssets/Models/PushButton.fbx using Guid(7ab6f3b0fd1a6ba41b2a47766c16613f) Importer(815301076,1909f56bfc062723c751e8b465ee728b) (PreviewImporter) -> (artifact id: '83bd83484602e8ff359f16598bf206ef') in 0.0476374 seconds
Number of updated asset objects reloaded before import = 0Number of asset objects unloaded after import = 18

========================================================================
Received Import Request.
  Time since last request: 0.000021 seconds.
  path: Assets/Tom's Terrain Tools/Unity Terrain Assets/Trees Ambient-Occlusion/Materials/scotspinetypeb-pine needles.mat
  artifactKey: Guid(4bd4ee421484909199fe72b81c03cb6c) Importer(815301076,1909f56bfc062723c751e8b465ee728b)
Start importing Assets/Tom's Terrain Tools/Unity Terrain Assets/Trees Ambient-Occlusion/Materials/scotspinetypeb-pine needles.mat using Guid(4bd4ee421484909199fe72b81c03cb6c) Importer(815301076,1909f56bfc062723c751e8b465ee728b) (PreviewImporter) -> (artifact id: '26effc7af2d1ceb8a8eacf80eb3e2d2f') in 0.0079995 seconds
Number of updated asset objects reloaded before import = 0Number of asset objects unloaded after import = 2

========================================================================
Received Import Request.
  Time since last request: 0.000021 seconds.
  path: Assets/Tom's Terrain Tools/Unity Terrain Assets/Trees Ambient-Occlusion/Materials/scotspinetypea-pinetrunk.mat
  artifactKey: Guid(25922ec1bd1113061100b7a844295342) Importer(815301076,1909f56bfc062723c751e8b465ee728b)
Start importing Assets/Tom's Terrain Tools/Unity Terrain Assets/Trees Ambient-Occlusion/Materials/scotspinetypea-pinetrunk.mat using Guid(25922ec1bd1113061100b7a844295342) Importer(815301076,1909f56bfc062723c751e8b465ee728b) (PreviewImporter) -> (artifact id: 'ae9c265cc6ee21d67f09ee9926284b85') in 0.0186831 seconds
Number of updated asset objects reloaded before import = 0Number of asset objects unloaded after import = 1

========================================================================
Received Import Request.
  Time since last request: 1.510898 seconds.
  path: Assets/Tom's Terrain Tools/Unity Terrain Assets/Trees Ambient-Occlusion/Materials/mimosabranch.mat
  artifactKey: Guid(76451c8ecd118f12a000e6888f962b59) Importer(815301076,1909f56bfc062723c751e8b465ee728b)
Start importing Assets/Tom's Terrain Tools/Unity Terrain Assets/Trees Ambient-Occlusion/Materials/mimosabranch.mat using Guid(76451c8ecd118f12a000e6888f962b59) Importer(815301076,1909f56bfc062723c751e8b465ee728b) (PreviewImporter) -> (artifact id: '11ade3d0beed9ebff53cd72f4ef8dce3') in 0.0076787 seconds
Number of updated asset objects reloaded before import = 0Number of asset objects unloaded after import = 2

========================================================================
Received Import Request.
  Time since last request: 0.000018 seconds.
  path: Assets/Pickup/FBX/Materials/No Name.mat
  artifactKey: Guid(c766228e3defa264bae8473002c9fa60) Importer(815301076,1909f56bfc062723c751e8b465ee728b)
Start importing Assets/Pickup/FBX/Materials/No Name.mat using Guid(c766228e3defa264bae8473002c9fa60) Importer(815301076,1909f56bfc062723c751e8b465ee728b) (PreviewImporter) -> (artifact id: '9eb653a8848336f1bf9287259291a395') in 0.0155977 seconds
Number of updated asset objects reloaded before import = 0Number of asset objects unloaded after import = 1

========================================================================
Received Import Request.
  Time since last request: 0.337481 seconds.
  path: Assets/Next_Spring/Tree_Bundle/Models/White_Birch/Mobile/Materials/M_Realistic8_Leaf.mat
  artifactKey: Guid(6f672e45e2931fa43aae4afb51d1eb38) Importer(815301076,1909f56bfc062723c751e8b465ee728b)
Start importing Assets/Next_Spring/Tree_Bundle/Models/White_Birch/Mobile/Materials/M_Realistic8_Leaf.mat using Guid(6f672e45e2931fa43aae4afb51d1eb38) Importer(815301076,1909f56bfc062723c751e8b465ee728b) (PreviewImporter) -> (artifact id: '8ae00d1e70b164acb81b09b8c6f4c124') in 0.0217964 seconds
Number of updated asset objects reloaded before import = 0Number of asset objects unloaded after import = 3

========================================================================
Received Import Request.
  Time since last request: 0.003191 seconds.
  path: Assets/Oculus Hands/Materials/Hands_solid.mat
  artifactKey: Guid(3637b758ff163493f8bb8b6d7e96d7ae) Importer(815301076,1909f56bfc062723c751e8b465ee728b)
Start importing Assets/Oculus Hands/Materials/Hands_solid.mat using Guid(3637b758ff163493f8bb8b6d7e96d7ae) Importer(815301076,1909f56bfc062723c751e8b465ee728b) (PreviewImporter) -> (artifact id: 'c71e039df954277bbb1178f914525390') in 0.0403813 seconds
Number of updated asset objects reloaded before import = 0Number of asset objects unloaded after import = 2

========================================================================
Received Import Request.
  Time since last request: 0.011669 seconds.
  path: Assets/Bhaptics/SDK2/Fonts/SpoqaHanSansNeo_TTF_subset/SpoqaHanSansNeo-Regular.ttf
  artifactKey: Guid(990bb0cad897c684ead6c5a8e069c1db) Importer(815301076,1909f56bfc062723c751e8b465ee728b)
Start importing Assets/Bhaptics/SDK2/Fonts/SpoqaHanSansNeo_TTF_subset/SpoqaHanSansNeo-Regular.ttf using Guid(990bb0cad897c684ead6c5a8e069c1db) Importer(815301076,1909f56bfc062723c751e8b465ee728b) (PreviewImporter) -> (artifact id: '39b0b2b55fe2582715a3c212060c791d') in 0.032697 seconds
Number of updated asset objects reloaded before import = 0Number of asset objects unloaded after import = 4

========================================================================
Received Import Request.
  Time since last request: 0.000027 seconds.
  path: Assets/Bhaptics/SDK2/Fonts/SpoqaHanSansNeo_TTF_subset/SpoqaHanSansNeo-Medium.ttf
  artifactKey: Guid(0e0ae5c0da645a64aacc05b6d631e2c9) Importer(815301076,1909f56bfc062723c751e8b465ee728b)
Start importing Assets/Bhaptics/SDK2/Fonts/SpoqaHanSansNeo_TTF_subset/SpoqaHanSansNeo-Medium.ttf using Guid(0e0ae5c0da645a64aacc05b6d631e2c9) Importer(815301076,1909f56bfc062723c751e8b465ee728b) (PreviewImporter) -> (artifact id: '1b5af74920df8031d0cff6a88274a660') in 0.0113133 seconds
Number of updated asset objects reloaded before import = 0Number of asset objects unloaded after import = 4

========================================================================
Received Import Request.
  Time since last request: 0.000029 seconds.
  path: Assets/Bhaptics/SDK2/Fonts/SpoqaHanSansNeo_TTF_subset/SpoqaHanSansNeo-Light.ttf
  artifactKey: Guid(11ac3f29f2bce81448f3d7b3e4b37b0b) Importer(815301076,1909f56bfc062723c751e8b465ee728b)
Start importing Assets/Bhaptics/SDK2/Fonts/SpoqaHanSansNeo_TTF_subset/SpoqaHanSansNeo-Light.ttf using Guid(11ac3f29f2bce81448f3d7b3e4b37b0b) Importer(815301076,1909f56bfc062723c751e8b465ee728b) (PreviewImporter) -> (artifact id: '87dfca83af58af1b42ef3c960cd31f44') in 0.0118406 seconds
Number of updated asset objects reloaded before import = 0Number of asset objects unloaded after import = 4

========================================================================
Received Import Request.
  Time since last request: 62.381659 seconds.
  path: Assets/Next_Spring/Tree_Bundle/Settings/Floor.mat
  artifactKey: Guid(b26f7226de6f1b74c9ac8e43a1b01ad7) Importer(815301076,1909f56bfc062723c751e8b465ee728b)
Start importing Assets/Next_Spring/Tree_Bundle/Settings/Floor.mat using Guid(b26f7226de6f1b74c9ac8e43a1b01ad7) Importer(815301076,1909f56bfc062723c751e8b465ee728b) (PreviewImporter) -> (artifact id: 'c55409aad810389b96a131e7c6c22b83') in 0.0162745 seconds
Number of updated asset objects reloaded before import = 0Number of asset objects unloaded after import = 1

========================================================================
Received Import Request.
  Time since last request: 0.339193 seconds.
  path: Assets/Samples/XR Interaction Toolkit/3.0.8/Starter Assets/DemoSceneAssets/Materials/Concrete Dark Blue.mat
  artifactKey: Guid(bbb56ac3cf3c61a46ab3887c0fdbda8f) Importer(815301076,1909f56bfc062723c751e8b465ee728b)
Start importing Assets/Samples/XR Interaction Toolkit/3.0.8/Starter Assets/DemoSceneAssets/Materials/Concrete Dark Blue.mat using Guid(bbb56ac3cf3c61a46ab3887c0fdbda8f) Importer(815301076,1909f56bfc062723c751e8b465ee728b) (PreviewImporter) -> (artifact id: '722f9f7af1294b924ca9dc2028cac8ac') in 0.0170459 seconds
Number of updated asset objects reloaded before import = 0Number of asset objects unloaded after import = 3

========================================================================
Received Prepare
Begin MonoManager ReloadAssembly
- Loaded All Assemblies, in  0.653 seconds
Refreshing native plugins compatible for Editor in 8.39 ms, found 12 plugins.
Native extension for Android target not found
Native extension for UWP target not found
Native extension for WindowsStandalone target not found
[Package Manager] Failed to launch server process. Reason: Unity was launched with the -noUpm command-line argument
[Package Manager] Unable to send message (not connected to server process).
[Package Manager] Cannot connect to Unity Package Manager local server
Mono: successfully reloaded assembly
[Package Manager] Failed to launch server process. Reason: Unity was launched with the -noUpm command-line argument
[Package Manager] Unable to send message (not connected to server process).
[Package Manager] Cannot connect to Unity Package Manager local server
- Finished resetting the current domain, in  0.821 seconds
Domain Reload Profiling: 1475ms
	BeginReloadAssembly (221ms)
		ExecutionOrderSort (0ms)
		DisableScriptedObjects (19ms)
		BackupInstance (0ms)
		ReleaseScriptingObjects (0ms)
		CreateAndSetChildDomain (59ms)
	RebuildCommonClasses (28ms)
	RebuildNativeTypeToScriptingClass (10ms)
	initialDomainReloadingComplete (21ms)
	LoadAllAssembliesAndSetupDomain (374ms)
		LoadAssemblies (324ms)
		RebuildTransferFunctionScriptingTraits (0ms)
		AnalyzeDomain (156ms)
			TypeCache.Refresh (6ms)
				TypeCache.ScanAssembly (0ms)
			BuildScriptInfoCaches (136ms)
			ResolveRequiredComponents (11ms)
	FinalizeReload (821ms)
		ReleaseScriptCaches (0ms)
		RebuildScriptCaches (0ms)
		SetupLoadedEditorAssemblies (615ms)
			LogAssemblyErrors (0ms)
			InitializePlatformSupportModulesInManaged (10ms)
			SetLoadedEditorAssemblies (4ms)
			BeforeProcessingInitializeOnLoad (104ms)
			ProcessInitializeOnLoadAttributes (409ms)
			ProcessInitializeOnLoadMethodAttributes (85ms)
			AfterProcessingInitializeOnLoad (2ms)
			EditorAssembliesLoaded (0ms)
		ExecutionOrderSort2 (0ms)
		AwakeInstancesAfterBackupRestoration (12ms)
Refreshing native plugins compatible for Editor in 14.12 ms, found 12 plugins.
Preloading 0 native plugins for Editor in 0.00 ms.
Unloading 71 Unused Serialized files (Serialized files now loaded: 0)
Unloading 7317 unused Assets / (9.0 MB). Loaded Objects now: 8114.
Memory consumption went from 227.7 MB to 218.7 MB.
Total: 15.260400 ms (FindLiveObjects: 1.505100 ms CreateObjectMapping: 1.015400 ms MarkObjects: 7.260400 ms  DeleteObjects: 5.477800 ms)

Prepare: number of updated asset objects reloaded= 0
========================================================================
Received Import Request.
  Time since last request: 763.618054 seconds.
  path: Assets/Bhaptics/SDK2/Images/bHapticsAndroidDeviceUI/background_wide2.png
  artifactKey: Guid(08daa69c76ba01246835287e325636c2) Importer(815301076,1909f56bfc062723c751e8b465ee728b)
Start importing Assets/Bhaptics/SDK2/Images/bHapticsAndroidDeviceUI/background_wide2.png using Guid(08daa69c76ba01246835287e325636c2) Importer(815301076,1909f56bfc062723c751e8b465ee728b) (PreviewImporter) -> (artifact id: '00b471b278919c31f9948561c30f809b') in 0.0785425 seconds
Number of updated asset objects reloaded before import = 0Number of asset objects unloaded after import = 3

========================================================================
Received Import Request.
  Time since last request: 3.461609 seconds.
  path: Assets/Bhaptics/SDK2/UI/Resources/btm-documentation-def.png
  artifactKey: Guid(6ab17e79f03aa9a4c995bbede89dd2fe) Importer(815301076,1909f56bfc062723c751e8b465ee728b)
Start importing Assets/Bhaptics/SDK2/UI/Resources/btm-documentation-def.png using Guid(6ab17e79f03aa9a4c995bbede89dd2fe) Importer(815301076,1909f56bfc062723c751e8b465ee728b) (PreviewImporter) -> (artifact id: 'bb41909feacde2eda5e2cfde47b3edcd') in 0.0113459 seconds
Number of updated asset objects reloaded before import = 0Number of asset objects unloaded after import = 2

========================================================================
Received Import Request.
  Time since last request: 0.000014 seconds.
  path: Assets/Bhaptics/SDK2/UI/Resources/icons/btn-duplicate-def.png
  artifactKey: Guid(87b97dffe15187d4ba6371a81bd53602) Importer(815301076,1909f56bfc062723c751e8b465ee728b)
Start importing Assets/Bhaptics/SDK2/UI/Resources/icons/btn-duplicate-def.png using Guid(87b97dffe15187d4ba6371a81bd53602) Importer(815301076,1909f56bfc062723c751e8b465ee728b) (PreviewImporter) -> (artifact id: 'ab898a8f16e7e57e7f34ec50285007fb') in 0.0182914 seconds
Number of updated asset objects reloaded before import = 0Number of asset objects unloaded after import = 2

========================================================================
Received Import Request.
  Time since last request: 0.000020 seconds.
  path: Assets/Bhaptics/SDK2/UI/Resources/btn-events-def.png
  artifactKey: Guid(c7a29baf92ffc61498e783fbff1c2af1) Importer(815301076,1909f56bfc062723c751e8b465ee728b)
Start importing Assets/Bhaptics/SDK2/UI/Resources/btn-events-def.png using Guid(c7a29baf92ffc61498e783fbff1c2af1) Importer(815301076,1909f56bfc062723c751e8b465ee728b) (PreviewImporter) -> (artifact id: 'a1b3afe96b97a009feffd79d59bec09e') in 0.0167616 seconds
Number of updated asset objects reloaded before import = 0Number of asset objects unloaded after import = 2

========================================================================
Received Import Request.
  Time since last request: 0.000025 seconds.
  path: Assets/Bhaptics/SDK2/UI/Resources/icons/btn-duplicate-hover.png
  artifactKey: Guid(a11ee3e78cd127d4b92a71158a2b6701) Importer(815301076,1909f56bfc062723c751e8b465ee728b)
Start importing Assets/Bhaptics/SDK2/UI/Resources/icons/btn-duplicate-hover.png using Guid(a11ee3e78cd127d4b92a71158a2b6701) Importer(815301076,1909f56bfc062723c751e8b465ee728b) (PreviewImporter) -> (artifact id: '90c4c29585dee2a81c7c886bd425e7cd') in 0.0136165 seconds
Number of updated asset objects reloaded before import = 0Number of asset objects unloaded after import = 2

========================================================================
Received Import Request.
  Time since last request: 0.498082 seconds.
  path: Assets/Bhaptics/SDK2/UI/Resources/btn-events-detail-selectedHover.png
  artifactKey: Guid(c61969b664de1e74e85c321e9734031e) Importer(815301076,1909f56bfc062723c751e8b465ee728b)
Start importing Assets/Bhaptics/SDK2/UI/Resources/btn-events-detail-selectedHover.png using Guid(c61969b664de1e74e85c321e9734031e) Importer(815301076,1909f56bfc062723c751e8b465ee728b) (PreviewImporter) -> (artifact id: '86fef0c79958d37b5cc06f51d37889a9') in 0.0126905 seconds
Number of updated asset objects reloaded before import = 0Number of asset objects unloaded after import = 2

========================================================================
Received Import Request.
  Time since last request: 0.000013 seconds.
  path: Assets/Bhaptics/SDK2/UI/Resources/btn-events-selected.png
  artifactKey: Guid(94f9060fe1f268b4f93810ea3bd9d275) Importer(815301076,1909f56bfc062723c751e8b465ee728b)
Start importing Assets/Bhaptics/SDK2/UI/Resources/btn-events-selected.png using Guid(94f9060fe1f268b4f93810ea3bd9d275) Importer(815301076,1909f56bfc062723c751e8b465ee728b) (PreviewImporter) -> (artifact id: 'db8cf2ee31e7fc57d691368739b28e99') in 0.0148712 seconds
Number of updated asset objects reloaded before import = 0Number of asset objects unloaded after import = 2

========================================================================
Received Import Request.
  Time since last request: 0.000017 seconds.
  path: Assets/Bhaptics/SDK2/UI/Resources/icons/btn-logout-hover.png
  artifactKey: Guid(00e16707934cfaf48a1bc69d5cb0f134) Importer(815301076,1909f56bfc062723c751e8b465ee728b)
Start importing Assets/Bhaptics/SDK2/UI/Resources/icons/btn-logout-hover.png using Guid(00e16707934cfaf48a1bc69d5cb0f134) Importer(815301076,1909f56bfc062723c751e8b465ee728b) (PreviewImporter) -> (artifact id: '8161a5a40032438afba3f8fd6ade48f4') in 0.0149992 seconds
Number of updated asset objects reloaded before import = 0Number of asset objects unloaded after import = 2

========================================================================
Received Import Request.
  Time since last request: 0.000026 seconds.
  path: Assets/Bhaptics/SDK2/UI/Resources/icons/btn-logout-def.png
  artifactKey: Guid(8dea78a59ba09374796923256a8b8018) Importer(815301076,1909f56bfc062723c751e8b465ee728b)
Start importing Assets/Bhaptics/SDK2/UI/Resources/icons/btn-logout-def.png using Guid(8dea78a59ba09374796923256a8b8018) Importer(815301076,1909f56bfc062723c751e8b465ee728b) (PreviewImporter) -> (artifact id: 'ff81ee7ffc519aa99869d17f14421498') in 0.0127229 seconds
Number of updated asset objects reloaded before import = 0Number of asset objects unloaded after import = 2

========================================================================
Received Import Request.
  Time since last request: 1.478793 seconds.
  path: Assets/Bhaptics/SDK2/UI/Resources/icons/btn-refresh-def.png
  artifactKey: Guid(09d09a07dd1132d4a84e20ce4aff3380) Importer(815301076,1909f56bfc062723c751e8b465ee728b)
Start importing Assets/Bhaptics/SDK2/UI/Resources/icons/btn-refresh-def.png using Guid(09d09a07dd1132d4a84e20ce4aff3380) Importer(815301076,1909f56bfc062723c751e8b465ee728b) (PreviewImporter) -> (artifact id: 'c8ec5431c2d7167891a1f3e871cff9af') in 0.0106244 seconds
Number of updated asset objects reloaded before import = 0Number of asset objects unloaded after import = 2

========================================================================
Received Import Request.
  Time since last request: 0.000014 seconds.
  path: Assets/Bhaptics/SDK2/UI/Resources/icons/btn-refresh-hover.png
  artifactKey: Guid(92a96de949faf9142a330de804cd04ee) Importer(815301076,1909f56bfc062723c751e8b465ee728b)
Start importing Assets/Bhaptics/SDK2/UI/Resources/icons/btn-refresh-hover.png using Guid(92a96de949faf9142a330de804cd04ee) Importer(815301076,1909f56bfc062723c751e8b465ee728b) (PreviewImporter) -> (artifact id: '7c03b4497470bb881e39a44eaaaed897') in 0.0168832 seconds
Number of updated asset objects reloaded before import = 0Number of asset objects unloaded after import = 2

========================================================================
Received Import Request.
  Time since last request: 0.000013 seconds.
  path: Assets/Samples/XR Interaction Toolkit/3.0.8/Starter Assets/DemoSceneAssets/Sprites/Checkmark.png
  artifactKey: Guid(db3e7b7c8db355e499429545071a0321) Importer(815301076,1909f56bfc062723c751e8b465ee728b)
Start importing Assets/Samples/XR Interaction Toolkit/3.0.8/Starter Assets/DemoSceneAssets/Sprites/Checkmark.png using Guid(db3e7b7c8db355e499429545071a0321) Importer(815301076,1909f56bfc062723c751e8b465ee728b) (PreviewImporter) -> (artifact id: 'd9e5dae7d625e1f9fe1ea43027f744b5') in 0.0176195 seconds
Number of updated asset objects reloaded before import = 0Number of asset objects unloaded after import = 3

========================================================================
Received Import Request.
  Time since last request: 0.710516 seconds.
  path: Assets/Samples/XR Interaction Toolkit/3.0.8/Starter Assets/DemoSceneAssets/Sprites/Circle_60x60_Horizontal.png
  artifactKey: Guid(e45f8f823c093d941855bb23b53b9414) Importer(815301076,1909f56bfc062723c751e8b465ee728b)
Start importing Assets/Samples/XR Interaction Toolkit/3.0.8/Starter Assets/DemoSceneAssets/Sprites/Circle_60x60_Horizontal.png using Guid(e45f8f823c093d941855bb23b53b9414) Importer(815301076,1909f56bfc062723c751e8b465ee728b) (PreviewImporter) -> (artifact id: '1d525382ef95dfed3d1928d4f7a04b02') in 0.0297678 seconds
Number of updated asset objects reloaded before import = 0Number of asset objects unloaded after import = 3

========================================================================
Received Import Request.
  Time since last request: 0.723572 seconds.
  path: Assets/Samples/XR Interaction Toolkit/3.0.8/Starter Assets/DemoSceneAssets/Textures/Concrete_Albedo.tif
  artifactKey: Guid(5a327724a94a9674a8a93e6b4e9a6eee) Importer(815301076,1909f56bfc062723c751e8b465ee728b)
Start importing Assets/Samples/XR Interaction Toolkit/3.0.8/Starter Assets/DemoSceneAssets/Textures/Concrete_Albedo.tif using Guid(5a327724a94a9674a8a93e6b4e9a6eee) Importer(815301076,1909f56bfc062723c751e8b465ee728b) (PreviewImporter) -> (artifact id: '89cb3213f14aa030a18213cc31131216') in 0.0177509 seconds
Number of updated asset objects reloaded before import = 0Number of asset objects unloaded after import = 2

========================================================================
Received Import Request.
  Time since last request: 0.000014 seconds.
  path: Assets/Samples/XR Interaction Toolkit/3.0.8/Starter Assets/DemoSceneAssets/Textures/Concrete_Normal.tif
  artifactKey: Guid(cdebec39dbf81a14688e1de8d12897b4) Importer(815301076,1909f56bfc062723c751e8b465ee728b)
Start importing Assets/Samples/XR Interaction Toolkit/3.0.8/Starter Assets/DemoSceneAssets/Textures/Concrete_Normal.tif using Guid(cdebec39dbf81a14688e1de8d12897b4) Importer(815301076,1909f56bfc062723c751e8b465ee728b) (PreviewImporter) -> (artifact id: '6e1b892ad7b9cf62cd87eea1606d2962') in 0.0201672 seconds
Number of updated asset objects reloaded before import = 0Number of asset objects unloaded after import = 2

========================================================================
Received Import Request.
  Time since last request: 0.000013 seconds.
  path: Assets/Tom's Terrain Tools/Example Data/Standard Assets/Environment/SpeedTree/Conifer/Conifer_Desktop_Atlas_Billboards_Normal.tga
  artifactKey: Guid(6c2afc8a038f69f4aa35c25dcd94fd55) Importer(815301076,1909f56bfc062723c751e8b465ee728b)
Start importing Assets/Tom's Terrain Tools/Example Data/Standard Assets/Environment/SpeedTree/Conifer/Conifer_Desktop_Atlas_Billboards_Normal.tga using Guid(6c2afc8a038f69f4aa35c25dcd94fd55) Importer(815301076,1909f56bfc062723c751e8b465ee728b) (PreviewImporter) -> (artifact id: 'f6eda927f844898caf21df92e0c183ed') in 0.0237004 seconds
Number of updated asset objects reloaded before import = 0Number of asset objects unloaded after import = 2

========================================================================
Received Import Request.
  Time since last request: 0.465774 seconds.
  path: Assets/Tom's Terrain Tools/Example Data/Standard Assets/Environment/SpeedTree/Conifer/Conifer_Desktop_Atlas_Specular.tga
  artifactKey: Guid(41232aac50fb25a40b390906295f9aa6) Importer(815301076,1909f56bfc062723c751e8b465ee728b)
Start importing Assets/Tom's Terrain Tools/Example Data/Standard Assets/Environment/SpeedTree/Conifer/Conifer_Desktop_Atlas_Specular.tga using Guid(41232aac50fb25a40b390906295f9aa6) Importer(815301076,1909f56bfc062723c751e8b465ee728b) (PreviewImporter) -> (artifact id: 'c0cde981784605ea9e0d46e743c5a7e2') in 0.021095 seconds
Number of updated asset objects reloaded before import = 0Number of asset objects unloaded after import = 2

========================================================================
Received Import Request.
  Time since last request: 0.000014 seconds.
  path: Assets/Tom's Terrain Tools/Example Data/Standard Assets/Environment/SpeedTree/Conifer/ConiferBark_Normal.tga
  artifactKey: Guid(2b46b029d8dc37049aebb484e79998ff) Importer(815301076,1909f56bfc062723c751e8b465ee728b)
Start importing Assets/Tom's Terrain Tools/Example Data/Standard Assets/Environment/SpeedTree/Conifer/ConiferBark_Normal.tga using Guid(2b46b029d8dc37049aebb484e79998ff) Importer(815301076,1909f56bfc062723c751e8b465ee728b) (PreviewImporter) -> (artifact id: '696309e9cc93b8cd43ca85aa35eb27fc') in 0.0180372 seconds
Number of updated asset objects reloaded before import = 0Number of asset objects unloaded after import = 2

========================================================================
Received Import Request.
  Time since last request: 4.339267 seconds.
  path: Assets/Pickup/Textures/Body/2048/Damaged/Damaged_2048_MetallicSmoothness.png
  artifactKey: Guid(63a696b844128ce428168dc727f68d5f) Importer(815301076,1909f56bfc062723c751e8b465ee728b)
Start importing Assets/Pickup/Textures/Body/2048/Damaged/Damaged_2048_MetallicSmoothness.png using Guid(63a696b844128ce428168dc727f68d5f) Importer(815301076,1909f56bfc062723c751e8b465ee728b) (PreviewImporter) -> (artifact id: 'b710e8a4fb77364119fa31d27b5ba268') in 0.0313736 seconds
Number of updated asset objects reloaded before import = 0Number of asset objects unloaded after import = 2

========================================================================
Received Import Request.
  Time since last request: 0.000014 seconds.
  path: Assets/Pickup/Textures/Body/4096/Damaged/Damaged_4096_Normal.png
  artifactKey: Guid(e2dda911ac8b69342909303b9ac691b9) Importer(815301076,1909f56bfc062723c751e8b465ee728b)
Start importing Assets/Pickup/Textures/Body/4096/Damaged/Damaged_4096_Normal.png using Guid(e2dda911ac8b69342909303b9ac691b9) Importer(815301076,1909f56bfc062723c751e8b465ee728b) (PreviewImporter) -> (artifact id: 'e00ed8d68dfede4d5c6fefad0fe0d9f0') in 0.0416525 seconds
Number of updated asset objects reloaded before import = 0Number of asset objects unloaded after import = 2

========================================================================
Received Import Request.
  Time since last request: 0.000013 seconds.
  path: Assets/Pickup/Textures/Body/512/Damaged_Dirt/Damaged_Dirt_512_AlbedoTransparency.png
  artifactKey: Guid(c8d03a3f5632b6443a79bee18eec3b3f) Importer(815301076,1909f56bfc062723c751e8b465ee728b)
Start importing Assets/Pickup/Textures/Body/512/Damaged_Dirt/Damaged_Dirt_512_AlbedoTransparency.png using Guid(c8d03a3f5632b6443a79bee18eec3b3f) Importer(815301076,1909f56bfc062723c751e8b465ee728b) (PreviewImporter) -> (artifact id: '445be5ddb27a89a1dd582918ff288d7d') in 0.0310834 seconds
Number of updated asset objects reloaded before import = 0Number of asset objects unloaded after import = 2

========================================================================
Received Import Request.
  Time since last request: 0.000015 seconds.
  path: Assets/Pickup/Textures/Body/2048/Damaged_Dirt/Damaged_Dirt_2048_MetallicSmoothness.png
  artifactKey: Guid(00d8e5f014be94842a9ac92381cf8387) Importer(815301076,1909f56bfc062723c751e8b465ee728b)
Start importing Assets/Pickup/Textures/Body/2048/Damaged_Dirt/Damaged_Dirt_2048_MetallicSmoothness.png using Guid(00d8e5f014be94842a9ac92381cf8387) Importer(815301076,1909f56bfc062723c751e8b465ee728b) (PreviewImporter) -> (artifact id: '17e2f6a7ef7443d76f2e9f4f6167c372') in 0.0344437 seconds
Number of updated asset objects reloaded before import = 0Number of asset objects unloaded after import = 2

========================================================================
Received Import Request.
  Time since last request: 0.000021 seconds.
  path: Assets/Pickup/Textures/Body/4096/Damaged_Dirt/Damaged_Dirt_4096_Normal.png
  artifactKey: Guid(e8b9ad8ae3eb85f4ba6ff73897e3b4ab) Importer(815301076,1909f56bfc062723c751e8b465ee728b)
Start importing Assets/Pickup/Textures/Body/4096/Damaged_Dirt/Damaged_Dirt_4096_Normal.png using Guid(e8b9ad8ae3eb85f4ba6ff73897e3b4ab) Importer(815301076,1909f56bfc062723c751e8b465ee728b) (PreviewImporter) -> (artifact id: '4713cd387069c99671483b47e9e43833') in 0.0347443 seconds
Number of updated asset objects reloaded before import = 0Number of asset objects unloaded after import = 2

========================================================================
Received Import Request.
  Time since last request: 0.000014 seconds.
  path: Assets/Pickup/Textures/Body/2048/Damaged_Dirt/Damaged_Dirt_2048_Normal.png
  artifactKey: Guid(12b6e45f7661dcb489b743761d9bf8ba) Importer(815301076,1909f56bfc062723c751e8b465ee728b)
Start importing Assets/Pickup/Textures/Body/2048/Damaged_Dirt/Damaged_Dirt_2048_Normal.png using Guid(12b6e45f7661dcb489b743761d9bf8ba) Importer(815301076,1909f56bfc062723c751e8b465ee728b) (PreviewImporter) -> (artifact id: 'ed5d7eb957a6b1ed4893a945c59af723') in 0.0306787 seconds
Number of updated asset objects reloaded before import = 0Number of asset objects unloaded after import = 2

========================================================================
Received Import Request.
  Time since last request: 0.000015 seconds.
  path: Assets/Tom's Terrain Tools/Unity Terrain Assets/Textures/Debug/debug_red.png
  artifactKey: Guid(4b95639272e9cae429d4b9bfae3e01b3) Importer(815301076,1909f56bfc062723c751e8b465ee728b)
Start importing Assets/Tom's Terrain Tools/Unity Terrain Assets/Textures/Debug/debug_red.png using Guid(4b95639272e9cae429d4b9bfae3e01b3) Importer(815301076,1909f56bfc062723c751e8b465ee728b) (PreviewImporter) -> (artifact id: 'fb00d44ecaf3dfc58c79618e23ae79f9') in 0.0289811 seconds
Number of updated asset objects reloaded before import = 0Number of asset objects unloaded after import = 2

========================================================================
Received Import Request.
  Time since last request: 0.000015 seconds.
  path: Assets/Tom's Terrain Tools/Unity Terrain Assets/Textures/Debug/debug_cyan.png
  artifactKey: Guid(8ef0d90fe6dfab340a4062d34ce2182c) Importer(815301076,1909f56bfc062723c751e8b465ee728b)
Start importing Assets/Tom's Terrain Tools/Unity Terrain Assets/Textures/Debug/debug_cyan.png using Guid(8ef0d90fe6dfab340a4062d34ce2182c) Importer(815301076,1909f56bfc062723c751e8b465ee728b) (PreviewImporter) -> (artifact id: 'e2b6b75f0b5d2af536e5c4a539467277') in 0.0142355 seconds
Number of updated asset objects reloaded before import = 0Number of asset objects unloaded after import = 2

========================================================================
Received Import Request.
  Time since last request: 0.829580 seconds.
  path: Assets/Bhaptics/SDK2/UI/Resources/DivideBackground.png
  artifactKey: Guid(4e2a2924c9cefef4fb7aafb330824ae1) Importer(815301076,1909f56bfc062723c751e8b465ee728b)
Start importing Assets/Bhaptics/SDK2/UI/Resources/DivideBackground.png using Guid(4e2a2924c9cefef4fb7aafb330824ae1) Importer(815301076,1909f56bfc062723c751e8b465ee728b) (PreviewImporter) -> (artifact id: '093f1684af8bfaa7919634dbf486d9f0') in 0.0128953 seconds
Number of updated asset objects reloaded before import = 0Number of asset objects unloaded after import = 2

========================================================================
Received Import Request.
  Time since last request: 1.161822 seconds.
  path: Assets/Pickup/Textures/Frame/512/FrameTextures_512/Frame_512_AlbedoTransparency.png
  artifactKey: Guid(ac13b8a490d15dd469173a79a9e4c5ce) Importer(815301076,1909f56bfc062723c751e8b465ee728b)
Start importing Assets/Pickup/Textures/Frame/512/FrameTextures_512/Frame_512_AlbedoTransparency.png using Guid(ac13b8a490d15dd469173a79a9e4c5ce) Importer(815301076,1909f56bfc062723c751e8b465ee728b) (PreviewImporter) -> (artifact id: '83f4b3705a01a780f8c3fda70bd21dd2') in 0.0130604 seconds
Number of updated asset objects reloaded before import = 0Number of asset objects unloaded after import = 2

========================================================================
Received Import Request.
  Time since last request: 0.000019 seconds.
  path: Assets/Pickup/Textures/Frame/2048/FrameTextures_2048/Frame_2048_AlbedoTransparency.png
  artifactKey: Guid(4c0a572ce7fd4b64e8ce77edc6e0ace8) Importer(815301076,1909f56bfc062723c751e8b465ee728b)
Start importing Assets/Pickup/Textures/Frame/2048/FrameTextures_2048/Frame_2048_AlbedoTransparency.png using Guid(4c0a572ce7fd4b64e8ce77edc6e0ace8) Importer(815301076,1909f56bfc062723c751e8b465ee728b) (PreviewImporter) -> (artifact id: '0a76355c658a0ed5e95216e0e451af0d') in 0.0320026 seconds
Number of updated asset objects reloaded before import = 0Number of asset objects unloaded after import = 2

========================================================================
Received Import Request.
  Time since last request: 0.564658 seconds.
  path: Assets/Pickup/Textures/Frame/4096/FrameTextures_4096/Frame_4096_Normal.png
  artifactKey: Guid(9fb23f6daafc2d044bf7cdd0fd2cc52a) Importer(815301076,1909f56bfc062723c751e8b465ee728b)
Start importing Assets/Pickup/Textures/Frame/4096/FrameTextures_4096/Frame_4096_Normal.png using Guid(9fb23f6daafc2d044bf7cdd0fd2cc52a) Importer(815301076,1909f56bfc062723c751e8b465ee728b) (PreviewImporter) -> (artifact id: '9d920454aa91dd202ecba254263567f3') in 0.0344859 seconds
Number of updated asset objects reloaded before import = 0Number of asset objects unloaded after import = 2

========================================================================
Received Import Request.
  Time since last request: 0.000014 seconds.
  path: Assets/Pickup/Textures/Frame/512/FrameTextures_Dirt_512/Frame_Dirt_512_Normal.png
  artifactKey: Guid(983965ceb30d34b4eac298e4d23c97a5) Importer(815301076,1909f56bfc062723c751e8b465ee728b)
Start importing Assets/Pickup/Textures/Frame/512/FrameTextures_Dirt_512/Frame_Dirt_512_Normal.png using Guid(983965ceb30d34b4eac298e4d23c97a5) Importer(815301076,1909f56bfc062723c751e8b465ee728b) (PreviewImporter) -> (artifact id: '652e38f0f4871c49984817537a4d849e') in 0.0201468 seconds
Number of updated asset objects reloaded before import = 0Number of asset objects unloaded after import = 2

========================================================================
Received Import Request.
  Time since last request: 0.000022 seconds.
  path: Assets/Pickup/Textures/Frame/2048/FrameTextures_Dirt_2048/Frame_Dirt_2048_MetallicSmoothness.png
  artifactKey: Guid(57b6e7d442c6f954489f021c859a7cc1) Importer(815301076,1909f56bfc062723c751e8b465ee728b)
Start importing Assets/Pickup/Textures/Frame/2048/FrameTextures_Dirt_2048/Frame_Dirt_2048_MetallicSmoothness.png using Guid(57b6e7d442c6f954489f021c859a7cc1) Importer(815301076,1909f56bfc062723c751e8b465ee728b) (PreviewImporter) -> (artifact id: 'a784c8f543c7f660f96aa49f069a507a') in 0.0310495 seconds
Number of updated asset objects reloaded before import = 0Number of asset objects unloaded after import = 2

========================================================================
Received Import Request.
  Time since last request: 2.721981 seconds.
  path: Assets/Pickup/Textures/Frame/4096/FrameTextures_Dirt_4096/Frame_Dirt_4096_AlbedoTransparency.png
  artifactKey: Guid(7efc121fbfeb8194282a5f8a78589b21) Importer(815301076,1909f56bfc062723c751e8b465ee728b)
Start importing Assets/Pickup/Textures/Frame/4096/FrameTextures_Dirt_4096/Frame_Dirt_4096_AlbedoTransparency.png using Guid(7efc121fbfeb8194282a5f8a78589b21) Importer(815301076,1909f56bfc062723c751e8b465ee728b) (PreviewImporter) -> (artifact id: '331ec6c1a5a9f0094513f48815228d57') in 0.0149543 seconds
Number of updated asset objects reloaded before import = 0Number of asset objects unloaded after import = 2

========================================================================
Received Import Request.
  Time since last request: 0.000014 seconds.
  path: Assets/Pickup/Textures/Frame/4096/FrameTextures_Dirt_4096/Frame_Dirt_4096_Normal.png
  artifactKey: Guid(fb87791da6698384faf2f99df77acbbd) Importer(815301076,1909f56bfc062723c751e8b465ee728b)
Start importing Assets/Pickup/Textures/Frame/4096/FrameTextures_Dirt_4096/Frame_Dirt_4096_Normal.png using Guid(fb87791da6698384faf2f99df77acbbd) Importer(815301076,1909f56bfc062723c751e8b465ee728b) (PreviewImporter) -> (artifact id: '7242f1d83f7c2160e4ed1a8483c7e75c') in 0.01607 seconds
Number of updated asset objects reloaded before import = 0Number of asset objects unloaded after import = 2

========================================================================
Received Import Request.
  Time since last request: 2.405244 seconds.
  path: Assets/Samples/XR Interaction Toolkit/3.0.8/XR Device Simulator/UI/General/Gripper.png
  artifactKey: Guid(17689808316e14280ad508a625c4c88f) Importer(815301076,1909f56bfc062723c751e8b465ee728b)
Start importing Assets/Samples/XR Interaction Toolkit/3.0.8/XR Device Simulator/UI/General/Gripper.png using Guid(17689808316e14280ad508a625c4c88f) Importer(815301076,1909f56bfc062723c751e8b465ee728b) (PreviewImporter) -> (artifact id: '21be13fc0fe46e8447944d5580d640a9') in 0.0389661 seconds
Number of updated asset objects reloaded before import = 0Number of asset objects unloaded after import = 3

========================================================================
Received Import Request.
  Time since last request: 26.163093 seconds.
  path: Assets/Bhaptics/SDK2/UI/Resources/HapticEventsButton_hover.png
  artifactKey: Guid(fe5dab9268890164591973ddb8985d61) Importer(815301076,1909f56bfc062723c751e8b465ee728b)
Start importing Assets/Bhaptics/SDK2/UI/Resources/HapticEventsButton_hover.png using Guid(fe5dab9268890164591973ddb8985d61) Importer(815301076,1909f56bfc062723c751e8b465ee728b) (PreviewImporter) -> (artifact id: '0adecd1b9a2bb3756a23ccac0d74a6ec') in 0.0134858 seconds
Number of updated asset objects reloaded before import = 0Number of asset objects unloaded after import = 2

