
=== Sun Sep  7 17:43:17 2025

Packages were changed.
Update Mode: mergeDefaultDependencies

The following packages were added:
  com.unity.modules.ai@1.0.0
  com.unity.modules.androidjni@1.0.0
  com.unity.modules.animation@1.0.0
  com.unity.modules.assetbundle@1.0.0
  com.unity.modules.audio@1.0.0
  com.unity.modules.cloth@1.0.0
  com.unity.modules.director@1.0.0
  com.unity.modules.imageconversion@1.0.0
  com.unity.modules.imgui@1.0.0
  com.unity.modules.jsonserialize@1.0.0
  com.unity.modules.particlesystem@1.0.0
  com.unity.modules.physics@1.0.0
  com.unity.modules.physics2d@1.0.0
  com.unity.modules.screencapture@1.0.0
  com.unity.modules.terrain@1.0.0
  com.unity.modules.terrainphysics@1.0.0
  com.unity.modules.tilemap@1.0.0
  com.unity.modules.ui@1.0.0
  com.unity.modules.uielements@1.0.0
  com.unity.modules.umbra@1.0.0
  com.unity.modules.unityanalytics@1.0.0
  com.unity.modules.unitywebrequest@1.0.0
  com.unity.modules.unitywebrequestassetbundle@1.0.0
  com.unity.modules.unitywebrequestaudio@1.0.0
  com.unity.modules.unitywebrequesttexture@1.0.0
  com.unity.modules.unitywebrequestwww@1.0.0
  com.unity.modules.vehicles@1.0.0
  com.unity.modules.video@1.0.0
  com.unity.modules.vr@1.0.0
  com.unity.modules.wind@1.0.0
  com.unity.modules.xr@1.0.0
  com.unity.modules.accessibility@1.0.0
  com.unity.multiplayer.center@1.0.0
The following packages were updated:
  com.unity.ai.navigation from version 2.0.0 to 2.0.5
  com.unity.collab-proxy from version 2.2.0 to 2.6.0
  com.unity.ide.rider from version 3.0.27 to 3.0.31
  com.unity.inputsystem from version 1.8.1 to 1.12.0
  com.unity.render-pipelines.universal from version 17.0.1 to 17.0.3
  com.unity.test-framework from version 1.4.2 to 1.4.5
  com.unity.timeline from version 1.8.6 to 1.8.7
  com.unity.visualscripting from version 1.9.1 to 1.9.5

=== Wed Sep 10 11:22:19 2025

Packages were changed.
Update Mode: updateDependencies

The following packages were updated:
  com.unity.cinemachine from version 2.9.5 to 2.10.3
  com.unity.postprocessing from version 3.2.2 to 3.4.0
The following packages were removed:
  com.unity.textmeshpro@3.0.6

=== Wed Sep 10 11:22:19 2025

Packages were changed.
Update Mode: mergeDefaultDependencies

The following packages were added:
  com.unity.cinemachine@2.10.3
  com.unity.postprocessing@3.4.0

=== Mon Oct 20 19:15:45 2025

Packages were changed.
Update Mode: updateDependencies

The following packages were updated:
  com.unity.ai.navigation from version 2.0.5 to 2.0.9
  com.unity.cinemachine from version 2.10.3 to 2.10.4
  com.unity.ide.rider from version 3.0.31 to 3.0.38
  com.unity.ide.visualstudio from version 2.0.22 to 2.0.23
  com.unity.inputsystem from version 1.12.0 to 1.14.2
  com.unity.postprocessing from version 3.4.0 to 3.5.0
  com.unity.render-pipelines.universal from version 17.0.3 to 17.0.4
  com.unity.splines from version 2.7.2 to 2.8.2
  com.unity.test-framework from version 1.4.5 to 1.6.0
  com.unity.timeline from version 1.8.7 to 1.8.9
  com.unity.visualscripting from version 1.9.5 to 1.9.7
  com.unity.xr.openxr from version 1.14.3 to 1.15.1
